.class private auto ansi sealed beforefieldinit AssemblyToProcess.GenericMethod
extends [mscorlib]System.Object
{
.class auto ansi sealed nested private beforefieldinit '<Method>d__0`1'<TItem>
extends [mscorlib]System.Object
implements [mscorlib]System.Runtime.CompilerServices.IAsyncStateMachine
{
.field public int32 '<>1__state'
.field public valuetype [mscorlib]System.Runtime.CompilerServices.AsyncTaskMethodBuilder '<>t__builder'
.field public class [mscorlib]System.Threading.Tasks.Task`1<!TItem> itemTask
.field public class AssemblyToProcess.GenericMethod '<>4__this'
.field private !TItem '<item>5__1'
.field private !TItem '<>s__2'
.field private valuetype [mscorlib]System.Runtime.CompilerServices.ConfiguredTaskAwaitable`1/ConfiguredTaskAwaiter<!TItem> '<>u__1'
.method public hidebysig specialname rtspecialname
instance void  .ctor() cil managed
{
.maxstack  8
IL_0000:  ldarg.0
IL_0001:  call       instance void [mscorlib]System.Object::.ctor()
IL_0006:  nop
IL_0007:  ret
}
.method private hidebysig newslot virtual final
instance void  MoveNext() cil managed
{
.override [mscorlib]System.Runtime.CompilerServices.IAsyncStateMachine::MoveNext
.maxstack  3
.locals init (int32 V_0,
valuetype [mscorlib]System.Runtime.CompilerServices.ConfiguredTaskAwaitable`1/ConfiguredTaskAwaiter<!TItem> V_1,
valuetype [mscorlib]System.Runtime.CompilerServices.ConfiguredTaskAwaitable`1<!TItem> V_2,
class AssemblyToProcess.GenericMethod/'<Method>d__0`1'<!TItem> V_3,
class [mscorlib]System.Exception V_4)
IL_0000:  ldarg.0
IL_0001:  ldfld      int32 class AssemblyToProcess.GenericMethod/'<Method>d__0`1'<!TItem>::'<>1__state'
IL_0006:  stloc.0
.try
{
IL_0007:  ldloc.0
IL_0008:  brfalse.s  IL_004f
IL_000a:  br.s       IL_000c
IL_000c:  nop
IL_000d:  ldarg.0
IL_000e:  ldfld      class [mscorlib]System.Threading.Tasks.Task`1<!0> class AssemblyToProcess.GenericMethod/'<Method>d__0`1'<!TItem>::itemTask
IL_0013:  ldc.i4.0
IL_0014:  callvirt   instance valuetype [mscorlib]System.Runtime.CompilerServices.ConfiguredTaskAwaitable`1<!0> class [mscorlib]System.Threading.Tasks.Task`1<!TItem>::ConfigureAwait(bool)
IL_0019:  stloc.2
IL_001a:  ldloca.s   V_2
IL_001c:  call       instance valuetype [mscorlib]System.Runtime.CompilerServices.ConfiguredTaskAwaitable`1/ConfiguredTaskAwaiter<!0> valuetype [mscorlib]System.Runtime.CompilerServices.ConfiguredTaskAwaitable`1<!TItem>::GetAwaiter()
IL_0021:  stloc.1
IL_0022:  ldloca.s   V_1
IL_0024:  call       instance bool valuetype [mscorlib]System.Runtime.CompilerServices.ConfiguredTaskAwaitable`1/ConfiguredTaskAwaiter<!TItem>::get_IsCompleted()
IL_0029:  brtrue.s   IL_006b
IL_002b:  ldarg.0
IL_002c:  ldc.i4.0
IL_002d:  dup
IL_002e:  stloc.0
IL_002f:  stfld      int32 class AssemblyToProcess.GenericMethod/'<Method>d__0`1'<!TItem>::'<>1__state'
IL_0034:  ldarg.0
IL_0035:  ldloc.1
IL_0036:  stfld      valuetype [mscorlib]System.Runtime.CompilerServices.ConfiguredTaskAwaitable`1/ConfiguredTaskAwaiter<!0> class AssemblyToProcess.GenericMethod/'<Method>d__0`1'<!TItem>::'<>u__1'
IL_003b:  ldarg.0
IL_003c:  stloc.3
IL_003d:  ldarg.0
IL_003e:  ldflda     valuetype [mscorlib]System.Runtime.CompilerServices.AsyncTaskMethodBuilder class AssemblyToProcess.GenericMethod/'<Method>d__0`1'<!TItem>::'<>t__builder'
IL_0043:  ldloca.s   V_1
IL_0045:  ldloca.s   V_3
IL_0047:  call       instance void [mscorlib]System.Runtime.CompilerServices.AsyncTaskMethodBuilder::AwaitUnsafeOnCompleted<valuetype [mscorlib]System.Runtime.CompilerServices.ConfiguredTaskAwaitable`1/ConfiguredTaskAwaiter<!TItem>,class AssemblyToProcess.GenericMethod/'<Method>d__0`1'<!TItem>>(!!0&,
!!1&)
IL_004c:  nop
IL_004d:  leave.s    IL_00c0
IL_004f:  ldarg.0
IL_0050:  ldfld      valuetype [mscorlib]System.Runtime.CompilerServices.ConfiguredTaskAwaitable`1/ConfiguredTaskAwaiter<!0> class AssemblyToProcess.GenericMethod/'<Method>d__0`1'<!TItem>::'<>u__1'
IL_0055:  stloc.1
IL_0056:  ldarg.0
IL_0057:  ldflda     valuetype [mscorlib]System.Runtime.CompilerServices.ConfiguredTaskAwaitable`1/ConfiguredTaskAwaiter<!0> class AssemblyToProcess.GenericMethod/'<Method>d__0`1'<!TItem>::'<>u__1'
IL_005c:  initobj    valuetype [mscorlib]System.Runtime.CompilerServices.ConfiguredTaskAwaitable`1/ConfiguredTaskAwaiter<!TItem>
IL_0062:  ldarg.0
IL_0063:  ldc.i4.m1
IL_0064:  dup
IL_0065:  stloc.0
IL_0066:  stfld      int32 class AssemblyToProcess.GenericMethod/'<Method>d__0`1'<!TItem>::'<>1__state'
IL_006b:  ldarg.0
IL_006c:  ldloca.s   V_1
IL_006e:  call       instance !0 valuetype [mscorlib]System.Runtime.CompilerServices.ConfiguredTaskAwaitable`1/ConfiguredTaskAwaiter<!TItem>::GetResult()
IL_0073:  stfld      !0 class AssemblyToProcess.GenericMethod/'<Method>d__0`1'<!TItem>::'<>s__2'
IL_0078:  ldarg.0
IL_0079:  ldarg.0
IL_007a:  ldfld      !0 class AssemblyToProcess.GenericMethod/'<Method>d__0`1'<!TItem>::'<>s__2'
IL_007f:  stfld      !0 class AssemblyToProcess.GenericMethod/'<Method>d__0`1'<!TItem>::'<item>5__1'
IL_0084:  ldarg.0
IL_0085:  ldflda     !0 class AssemblyToProcess.GenericMethod/'<Method>d__0`1'<!TItem>::'<>s__2'
IL_008a:  initobj    !TItem
IL_0090:  leave.s    IL_00ac
}  // end .try
catch [mscorlib]System.Exception
{
IL_0092:  stloc.s    V_4
IL_0094:  ldarg.0
IL_0095:  ldc.i4.s   -2
IL_0097:  stfld      int32 class AssemblyToProcess.GenericMethod/'<Method>d__0`1'<!TItem>::'<>1__state'
IL_009c:  ldarg.0
IL_009d:  ldflda     valuetype [mscorlib]System.Runtime.CompilerServices.AsyncTaskMethodBuilder class AssemblyToProcess.GenericMethod/'<Method>d__0`1'<!TItem>::'<>t__builder'
IL_00a2:  ldloc.s    V_4
IL_00a4:  call       instance void [mscorlib]System.Runtime.CompilerServices.AsyncTaskMethodBuilder::SetException(class [mscorlib]System.Exception)
IL_00a9:  nop
IL_00aa:  leave.s    IL_00c0
}  // end handler
IL_00ac:  ldarg.0
IL_00ad:  ldc.i4.s   -2
IL_00af:  stfld      int32 class AssemblyToProcess.GenericMethod/'<Method>d__0`1'<!TItem>::'<>1__state'
IL_00b4:  ldarg.0
IL_00b5:  ldflda     valuetype [mscorlib]System.Runtime.CompilerServices.AsyncTaskMethodBuilder class AssemblyToProcess.GenericMethod/'<Method>d__0`1'<!TItem>::'<>t__builder'
IL_00ba:  call       instance void [mscorlib]System.Runtime.CompilerServices.AsyncTaskMethodBuilder::SetResult()
IL_00bf:  nop
IL_00c0:  ret
}
.method private hidebysig newslot virtual final
instance void  SetStateMachine(class [mscorlib]System.Runtime.CompilerServices.IAsyncStateMachine stateMachine) cil managed
{
.override [mscorlib]System.Runtime.CompilerServices.IAsyncStateMachine::SetStateMachine
.maxstack  8
IL_0000:  ret
}
}
.method public hidebysig instance class [mscorlib]System.Threading.Tasks.Task
Method<TItem>(class [mscorlib]System.Threading.Tasks.Task`1<!!TItem> itemTask) cil managed
{
63 65 73 73 2E 47 65 6E 65 72 69 63 4D 65 74 68   // cess.GenericMeth
6F 64 2B 3C 4D 65 74 68 6F 64 3E 64 5F 5F 30 60   // od+<Method>d__0`
31 00 00 )                                        // 1..
.maxstack  2
.locals init (class AssemblyToProcess.GenericMethod/'<Method>d__0`1'<!!TItem> V_0,
valuetype [mscorlib]System.Runtime.CompilerServices.AsyncTaskMethodBuilder V_1)
IL_0000:  newobj     instance void class AssemblyToProcess.GenericMethod/'<Method>d__0`1'<!!TItem>::.ctor()
IL_0005:  stloc.0
IL_0006:  ldloc.0
IL_0007:  ldarg.0
IL_0008:  stfld      class AssemblyToProcess.GenericMethod class AssemblyToProcess.GenericMethod/'<Method>d__0`1'<!!TItem>::'<>4__this'
IL_000d:  ldloc.0
IL_000e:  ldarg.1
IL_000f:  stfld      class [mscorlib]System.Threading.Tasks.Task`1<!0> class AssemblyToProcess.GenericMethod/'<Method>d__0`1'<!!TItem>::itemTask
IL_0014:  ldloc.0
IL_0015:  call       valuetype [mscorlib]System.Runtime.CompilerServices.AsyncTaskMethodBuilder [mscorlib]System.Runtime.CompilerServices.AsyncTaskMethodBuilder::Create()
IL_001a:  stfld      valuetype [mscorlib]System.Runtime.CompilerServices.AsyncTaskMethodBuilder class AssemblyToProcess.GenericMethod/'<Method>d__0`1'<!!TItem>::'<>t__builder'
IL_001f:  ldloc.0
IL_0020:  ldc.i4.m1
IL_0021:  stfld      int32 class AssemblyToProcess.GenericMethod/'<Method>d__0`1'<!!TItem>::'<>1__state'
IL_0026:  ldloc.0
IL_0027:  ldfld      valuetype [mscorlib]System.Runtime.CompilerServices.AsyncTaskMethodBuilder class AssemblyToProcess.GenericMethod/'<Method>d__0`1'<!!TItem>::'<>t__builder'
IL_002c:  stloc.1
IL_002d:  ldloca.s   V_1
IL_002f:  ldloca.s   V_0
IL_0031:  call       instance void [mscorlib]System.Runtime.CompilerServices.AsyncTaskMethodBuilder::Start<class AssemblyToProcess.GenericMethod/'<Method>d__0`1'<!!0>>(!!0&)
IL_0036:  ldloc.0
IL_0037:  ldflda     valuetype [mscorlib]System.Runtime.CompilerServices.AsyncTaskMethodBuilder class AssemblyToProcess.GenericMethod/'<Method>d__0`1'<!!TItem>::'<>t__builder'
IL_003c:  call       instance class [mscorlib]System.Threading.Tasks.Task [mscorlib]System.Runtime.CompilerServices.AsyncTaskMethodBuilder::get_Task()
IL_0041:  ret
}
.method public hidebysig specialname rtspecialname
instance void  .ctor() cil managed
{
.maxstack  8
IL_0000:  ldarg.0
IL_0001:  call       instance void [mscorlib]System.Object::.ctor()
IL_0006:  nop
IL_0007:  ret
}
}
