.class private auto ansi beforefieldinit AssemblyToProcess.Issue1
extends [System.Runtime]System.Object
{
.class auto ansi sealed nested private beforefieldinit '<WithReaderAndWriter>d__0'
extends [System.Runtime]System.Object
implements [System.Threading.Tasks]System.Runtime.CompilerServices.IAsyncStateMachine
{
.field public int32 '<>1__state'
.field public valuetype [System.Threading.Tasks]System.Runtime.CompilerServices.AsyncTaskMethodBuilder '<>t__builder'
.field public class [System.Runtime.Extensions]System.IO.TextWriter writer
.field public class [System.Runtime.Extensions]System.IO.StreamReader reader
.field public class AssemblyToProcess.Issue1 '<>4__this'
.field private string '<line>5__1'
.field private string '<>s__2'
.field private valuetype [netstandard]System.Runtime.CompilerServices.ConfiguredTaskAwaitable/ConfiguredTaskAwaiter '<>u__1'
.field private valuetype [netstandard]System.Runtime.CompilerServices.ConfiguredTaskAwaitable`1/ConfiguredTaskAwaiter<string> '<>u__2'
.method public hidebysig specialname rtspecialname
instance void  .ctor() cil managed
{
.maxstack  8
IL_0000:  ldarg.0
IL_0001:  call       instance void [System.Runtime]System.Object::.ctor()
IL_0006:  nop
IL_0007:  ret
}
.method private hidebysig newslot virtual final
instance void  MoveNext() cil managed
{
.override [System.Threading.Tasks]System.Runtime.CompilerServices.IAsyncStateMachine::MoveNext
.maxstack  3
.locals init (int32 V_0,
valuetype [netstandard]System.Runtime.CompilerServices.ConfiguredTaskAwaitable/ConfiguredTaskAwaiter V_1,
valuetype [netstandard]System.Runtime.CompilerServices.ConfiguredTaskAwaitable V_2,
class AssemblyToProcess.Issue1/'<WithReaderAndWriter>d__0' V_3,
bool V_4,
valuetype [netstandard]System.Runtime.CompilerServices.ConfiguredTaskAwaitable`1<string> V_5,
valuetype [netstandard]System.Runtime.CompilerServices.ConfiguredTaskAwaitable`1/ConfiguredTaskAwaiter<string> V_6,
string V_7,
class [System.Runtime]System.Exception V_8)
IL_0000:  ldarg.0
IL_0001:  ldfld      int32 AssemblyToProcess.Issue1/'<WithReaderAndWriter>d__0'::'<>1__state'
IL_0006:  stloc.0
.try
{
IL_0007:  ldloc.0
IL_0008:  brfalse.s  IL_0069
IL_000a:  br.s       IL_000c
IL_000c:  ldloc.0
IL_000d:  ldc.i4.1
IL_000e:  beq        IL_00db
IL_0013:  br.s       IL_0015
IL_0015:  nop
IL_0016:  br.s       IL_008e
IL_0018:  nop
IL_0019:  ldarg.0
IL_001a:  ldfld      class [System.Runtime.Extensions]System.IO.TextWriter AssemblyToProcess.Issue1/'<WithReaderAndWriter>d__0'::writer
IL_001f:  ldarg.0
IL_0020:  ldfld      string AssemblyToProcess.Issue1/'<WithReaderAndWriter>d__0'::'<line>5__1'
IL_0025:  callvirt   instance class [System.Runtime]System.Threading.Tasks.Task [System.Runtime.Extensions]System.IO.TextWriter::WriteLineAsync(string)
IL_002a:  ldc.i4.0
IL_002b:  callvirt   instance valuetype [netstandard]System.Runtime.CompilerServices.ConfiguredTaskAwaitable [netstandard]System.Threading.Tasks.Task::ConfigureAwait(bool)
IL_0030:  stloc.2
IL_0031:  ldloca.s   V_2
IL_0033:  call       instance valuetype [netstandard]System.Runtime.CompilerServices.ConfiguredTaskAwaitable/ConfiguredTaskAwaiter [netstandard]System.Runtime.CompilerServices.ConfiguredTaskAwaitable::GetAwaiter()
IL_0038:  stloc.1
IL_0039:  ldloca.s   V_1
IL_003b:  call       instance bool [netstandard]System.Runtime.CompilerServices.ConfiguredTaskAwaitable/ConfiguredTaskAwaiter::get_IsCompleted()
IL_0040:  brtrue.s   IL_0085
IL_0042:  ldarg.0
IL_0043:  ldc.i4.0
IL_0044:  dup
IL_0045:  stloc.0
IL_0046:  stfld      int32 AssemblyToProcess.Issue1/'<WithReaderAndWriter>d__0'::'<>1__state'
IL_004b:  ldarg.0
IL_004c:  ldloc.1
IL_004d:  stfld      valuetype [netstandard]System.Runtime.CompilerServices.ConfiguredTaskAwaitable/ConfiguredTaskAwaiter AssemblyToProcess.Issue1/'<WithReaderAndWriter>d__0'::'<>u__1'
IL_0052:  ldarg.0
IL_0053:  stloc.3
IL_0054:  ldarg.0
IL_0055:  ldflda     valuetype [System.Threading.Tasks]System.Runtime.CompilerServices.AsyncTaskMethodBuilder AssemblyToProcess.Issue1/'<WithReaderAndWriter>d__0'::'<>t__builder'
IL_005a:  ldloca.s   V_1
IL_005c:  ldloca.s   V_3
IL_005e:  call       instance void [System.Threading.Tasks]System.Runtime.CompilerServices.AsyncTaskMethodBuilder::AwaitUnsafeOnCompleted<valuetype [netstandard]System.Runtime.CompilerServices.ConfiguredTaskAwaitable/ConfiguredTaskAwaiter,class AssemblyToProcess.Issue1/'<WithReaderAndWriter>d__0'>(!!0&,
!!1&)
IL_0063:  nop
IL_0064:  leave      IL_0159
IL_0069:  ldarg.0
IL_006a:  ldfld      valuetype [netstandard]System.Runtime.CompilerServices.ConfiguredTaskAwaitable/ConfiguredTaskAwaiter AssemblyToProcess.Issue1/'<WithReaderAndWriter>d__0'::'<>u__1'
IL_006f:  stloc.1
IL_0070:  ldarg.0
IL_0071:  ldflda     valuetype [netstandard]System.Runtime.CompilerServices.ConfiguredTaskAwaitable/ConfiguredTaskAwaiter AssemblyToProcess.Issue1/'<WithReaderAndWriter>d__0'::'<>u__1'
IL_0076:  initobj    [netstandard]System.Runtime.CompilerServices.ConfiguredTaskAwaitable/ConfiguredTaskAwaiter
IL_007c:  ldarg.0
IL_007d:  ldc.i4.m1
IL_007e:  dup
IL_007f:  stloc.0
IL_0080:  stfld      int32 AssemblyToProcess.Issue1/'<WithReaderAndWriter>d__0'::'<>1__state'
IL_0085:  ldloca.s   V_1
IL_0087:  call       instance void [netstandard]System.Runtime.CompilerServices.ConfiguredTaskAwaitable/ConfiguredTaskAwaiter::GetResult()
IL_008c:  nop
IL_008d:  nop
IL_008e:  ldarg.0
IL_008f:  ldfld      class [System.Runtime.Extensions]System.IO.StreamReader AssemblyToProcess.Issue1/'<WithReaderAndWriter>d__0'::reader
IL_0094:  callvirt   instance class [System.Runtime]System.Threading.Tasks.Task`1<string> [System.Runtime.Extensions]System.IO.TextReader::ReadLineAsync()
IL_0099:  ldc.i4.0
IL_009a:  callvirt   instance valuetype [netstandard]System.Runtime.CompilerServices.ConfiguredTaskAwaitable`1<!0> class [netstandard]System.Threading.Tasks.Task`1<string>::ConfigureAwait(bool)
IL_009f:  stloc.s    V_5
IL_00a1:  ldloca.s   V_5
IL_00a3:  call       instance valuetype [netstandard]System.Runtime.CompilerServices.ConfiguredTaskAwaitable`1/ConfiguredTaskAwaiter<!0> valuetype [netstandard]System.Runtime.CompilerServices.ConfiguredTaskAwaitable`1<string>::GetAwaiter()
IL_00a8:  stloc.s    V_6
IL_00aa:  ldloca.s   V_6
IL_00ac:  call       instance bool valuetype [netstandard]System.Runtime.CompilerServices.ConfiguredTaskAwaitable`1/ConfiguredTaskAwaiter<string>::get_IsCompleted()
IL_00b1:  brtrue.s   IL_00f8
IL_00b3:  ldarg.0
IL_00b4:  ldc.i4.1
IL_00b5:  dup
IL_00b6:  stloc.0
IL_00b7:  stfld      int32 AssemblyToProcess.Issue1/'<WithReaderAndWriter>d__0'::'<>1__state'
IL_00bc:  ldarg.0
IL_00bd:  ldloc.s    V_6
IL_00bf:  stfld      valuetype [netstandard]System.Runtime.CompilerServices.ConfiguredTaskAwaitable`1/ConfiguredTaskAwaiter<string> AssemblyToProcess.Issue1/'<WithReaderAndWriter>d__0'::'<>u__2'
IL_00c4:  ldarg.0
IL_00c5:  stloc.3
IL_00c6:  ldarg.0
IL_00c7:  ldflda     valuetype [System.Threading.Tasks]System.Runtime.CompilerServices.AsyncTaskMethodBuilder AssemblyToProcess.Issue1/'<WithReaderAndWriter>d__0'::'<>t__builder'
IL_00cc:  ldloca.s   V_6
IL_00ce:  ldloca.s   V_3
IL_00d0:  call       instance void [System.Threading.Tasks]System.Runtime.CompilerServices.AsyncTaskMethodBuilder::AwaitUnsafeOnCompleted<valuetype [netstandard]System.Runtime.CompilerServices.ConfiguredTaskAwaitable`1/ConfiguredTaskAwaiter<string>,class AssemblyToProcess.Issue1/'<WithReaderAndWriter>d__0'>(!!0&,
!!1&)
IL_00d5:  nop
IL_00d6:  leave      IL_0159
IL_00db:  ldarg.0
IL_00dc:  ldfld      valuetype [netstandard]System.Runtime.CompilerServices.ConfiguredTaskAwaitable`1/ConfiguredTaskAwaiter<string> AssemblyToProcess.Issue1/'<WithReaderAndWriter>d__0'::'<>u__2'
IL_00e1:  stloc.s    V_6
IL_00e3:  ldarg.0
IL_00e4:  ldflda     valuetype [netstandard]System.Runtime.CompilerServices.ConfiguredTaskAwaitable`1/ConfiguredTaskAwaiter<string> AssemblyToProcess.Issue1/'<WithReaderAndWriter>d__0'::'<>u__2'
IL_00e9:  initobj    valuetype [netstandard]System.Runtime.CompilerServices.ConfiguredTaskAwaitable`1/ConfiguredTaskAwaiter<string>
IL_00ef:  ldarg.0
IL_00f0:  ldc.i4.m1
IL_00f1:  dup
IL_00f2:  stloc.0
IL_00f3:  stfld      int32 AssemblyToProcess.Issue1/'<WithReaderAndWriter>d__0'::'<>1__state'
IL_00f8:  ldarg.0
IL_00f9:  ldloca.s   V_6
IL_00fb:  call       instance !0 valuetype [netstandard]System.Runtime.CompilerServices.ConfiguredTaskAwaitable`1/ConfiguredTaskAwaiter<string>::GetResult()
IL_0100:  stfld      string AssemblyToProcess.Issue1/'<WithReaderAndWriter>d__0'::'<>s__2'
IL_0105:  ldarg.0
IL_0106:  ldarg.0
IL_0107:  ldfld      string AssemblyToProcess.Issue1/'<WithReaderAndWriter>d__0'::'<>s__2'
IL_010c:  dup
IL_010d:  stloc.s    V_7
IL_010f:  stfld      string AssemblyToProcess.Issue1/'<WithReaderAndWriter>d__0'::'<line>5__1'
IL_0114:  ldloc.s    V_7
IL_0116:  ldnull
IL_0117:  cgt.un
IL_0119:  stloc.s    V_4
IL_011b:  ldloc.s    V_4
IL_011d:  brtrue     IL_0018
IL_0122:  ldarg.0
IL_0123:  ldnull
IL_0124:  stfld      string AssemblyToProcess.Issue1/'<WithReaderAndWriter>d__0'::'<>s__2'
IL_0129:  leave.s    IL_0145
}  // end .try
catch [System.Runtime]System.Exception
{
IL_012b:  stloc.s    V_8
IL_012d:  ldarg.0
IL_012e:  ldc.i4.s   -2
IL_0130:  stfld      int32 AssemblyToProcess.Issue1/'<WithReaderAndWriter>d__0'::'<>1__state'
IL_0135:  ldarg.0
IL_0136:  ldflda     valuetype [System.Threading.Tasks]System.Runtime.CompilerServices.AsyncTaskMethodBuilder AssemblyToProcess.Issue1/'<WithReaderAndWriter>d__0'::'<>t__builder'
IL_013b:  ldloc.s    V_8
IL_013d:  call       instance void [System.Threading.Tasks]System.Runtime.CompilerServices.AsyncTaskMethodBuilder::SetException(class [System.Runtime]System.Exception)
IL_0142:  nop
IL_0143:  leave.s    IL_0159
}  // end handler
IL_0145:  ldarg.0
IL_0146:  ldc.i4.s   -2
IL_0148:  stfld      int32 AssemblyToProcess.Issue1/'<WithReaderAndWriter>d__0'::'<>1__state'
IL_014d:  ldarg.0
IL_014e:  ldflda     valuetype [System.Threading.Tasks]System.Runtime.CompilerServices.AsyncTaskMethodBuilder AssemblyToProcess.Issue1/'<WithReaderAndWriter>d__0'::'<>t__builder'
IL_0153:  call       instance void [System.Threading.Tasks]System.Runtime.CompilerServices.AsyncTaskMethodBuilder::SetResult()
IL_0158:  nop
IL_0159:  ret
}
.method private hidebysig newslot virtual final
instance void  SetStateMachine(class [System.Threading.Tasks]System.Runtime.CompilerServices.IAsyncStateMachine stateMachine) cil managed
{
.override [System.Threading.Tasks]System.Runtime.CompilerServices.IAsyncStateMachine::SetStateMachine
.maxstack  8
IL_0000:  ret
}
}
.method private hidebysig instance class [System.Runtime]System.Threading.Tasks.Task
WithReaderAndWriter(class [System.Runtime.Extensions]System.IO.TextWriter writer,
class [System.Runtime.Extensions]System.IO.StreamReader reader) cil managed
{
63 65 73 73 2E 49 73 73 75 65 31 2B 3C 57 69 74   // cess.Issue1+<Wit
68 52 65 61 64 65 72 41 6E 64 57 72 69 74 65 72   // hReaderAndWriter
3E 64 5F 5F 30 00 00 )                            // >d__0..
.maxstack  2
.locals init (class AssemblyToProcess.Issue1/'<WithReaderAndWriter>d__0' V_0,
valuetype [System.Threading.Tasks]System.Runtime.CompilerServices.AsyncTaskMethodBuilder V_1)
IL_0000:  newobj     instance void AssemblyToProcess.Issue1/'<WithReaderAndWriter>d__0'::.ctor()
IL_0005:  stloc.0
IL_0006:  ldloc.0
IL_0007:  ldarg.0
IL_0008:  stfld      class AssemblyToProcess.Issue1 AssemblyToProcess.Issue1/'<WithReaderAndWriter>d__0'::'<>4__this'
IL_000d:  ldloc.0
IL_000e:  ldarg.1
IL_000f:  stfld      class [System.Runtime.Extensions]System.IO.TextWriter AssemblyToProcess.Issue1/'<WithReaderAndWriter>d__0'::writer
IL_0014:  ldloc.0
IL_0015:  ldarg.2
IL_0016:  stfld      class [System.Runtime.Extensions]System.IO.StreamReader AssemblyToProcess.Issue1/'<WithReaderAndWriter>d__0'::reader
IL_001b:  ldloc.0
IL_001c:  call       valuetype [System.Threading.Tasks]System.Runtime.CompilerServices.AsyncTaskMethodBuilder [System.Threading.Tasks]System.Runtime.CompilerServices.AsyncTaskMethodBuilder::Create()
IL_0021:  stfld      valuetype [System.Threading.Tasks]System.Runtime.CompilerServices.AsyncTaskMethodBuilder AssemblyToProcess.Issue1/'<WithReaderAndWriter>d__0'::'<>t__builder'
IL_0026:  ldloc.0
IL_0027:  ldc.i4.m1
IL_0028:  stfld      int32 AssemblyToProcess.Issue1/'<WithReaderAndWriter>d__0'::'<>1__state'
IL_002d:  ldloc.0
IL_002e:  ldfld      valuetype [System.Threading.Tasks]System.Runtime.CompilerServices.AsyncTaskMethodBuilder AssemblyToProcess.Issue1/'<WithReaderAndWriter>d__0'::'<>t__builder'
IL_0033:  stloc.1
IL_0034:  ldloca.s   V_1
IL_0036:  ldloca.s   V_0
IL_0038:  call       instance void [System.Threading.Tasks]System.Runtime.CompilerServices.AsyncTaskMethodBuilder::Start<class AssemblyToProcess.Issue1/'<WithReaderAndWriter>d__0'>(!!0&)
IL_003d:  ldloc.0
IL_003e:  ldflda     valuetype [System.Threading.Tasks]System.Runtime.CompilerServices.AsyncTaskMethodBuilder AssemblyToProcess.Issue1/'<WithReaderAndWriter>d__0'::'<>t__builder'
IL_0043:  call       instance class [System.Runtime]System.Threading.Tasks.Task [System.Threading.Tasks]System.Runtime.CompilerServices.AsyncTaskMethodBuilder::get_Task()
IL_0048:  ret
}
.method public hidebysig specialname rtspecialname
instance void  .ctor() cil managed
{
.maxstack  8
IL_0000:  ldarg.0
IL_0001:  call       instance void [System.Runtime]System.Object::.ctor()
IL_0006:  nop
IL_0007:  ret
}
}
